// Jest Snapshot v1, https://goo.gl/fbAQLP

exports[`Testing src/components/Content/index Content it renders 1`] = `
<div
  className="Content"
/>
`;
