// Jest Snapshot v1, https://goo.gl/fbAQLP

exports[`Testing src/components/Header/.tsx Header it renders 1`] = `
<div
  className="Header"
/>
`;
